// Jest Snapshot v1, https://goo.gl/fbAQLP

exports[`Formulario View Debe de hacer mach con el snapshot 1`] = `
<div class="box-center d-flex align-items-center">
  <div class="container mt-5">
    <h1>Page not foud</h1><img src="" alt="404">
    <div><button type="button" class="btn btn-primary">Volver</button></div>
  </div>
</div>
`;
