// Jest Snapshot v1, https://goo.gl/fbAQLP

exports[`Formulario View Debe de hacer mach con el snapshot 1`] = `
<div class="card text-center">
  <div class="card-header text-danger">Error</div>
  <div class="card-body text-dark">
    <h1 class="card-title mb-4 mt-5">Has fallado la pregunta!!</h1>
    <h2>Cada vez estamos mas cerca de la extinci√≥n!!</h2><a class="btn btn-primary mt-3">Siguiente</a>
  </div>
  <div class="card-footer text-muted">Tue, 08 Nov 2022 00:28:43 GMT</div>
</div>
`;
